// Jest Snapshot v1, https://goo.gl/fbAQLP

exports[`Main should render correctly 1`] = `ShallowWrapper {}`;

exports[`Main text label should be Contract ID 1`] = `ShallowWrapper {}`;
